// Jest Snapshot v1, https://goo.gl/fbAQLP

exports[`should render properly 1`] = `
"<div>
  <WithStyles(ForwardRef(CircularProgress)) size={30} />
</div>"
`;
