// Jest Snapshot v1, https://goo.gl/fbAQLP

exports[`should render properly 1`] = `
"<nav>
  <ul>
    <Link to=\\"/\\">
      Home
    </Link>
    <Link to=\\"/maps\\">
      Maps
    </Link>
  </ul>
</nav>"
`;
