// Jest Snapshot v1, https://goo.gl/fbAQLP

exports[`should render properly 1`] = `
"<div className=\\"StuffCard\\">
  <div className=\\"StuffCard__header\\">
    <img alt=\\"smoke icon\\" src={{...}} />
    <span>
      title
    </span>
  </div>
  <iframe allowFullScreen={true} frameBorder={0} height=\\"170\\" width=\\"100%\\" src=\\"https://www.youtube.com/embed/videoId\\" title=\\"title\\" />
</div>"
`;
