// Jest Snapshot v1, https://goo.gl/fbAQLP

exports[`should render properly 1`] = `
"<ContextProvider value={{...}}>
  <Filter active={false} filter={{...}} handleFilterClick={[Function: mockConstructor]} />
</ContextProvider>"
`;
