// Jest Snapshot v1, https://goo.gl/fbAQLP

exports[`should render properly 1`] = `
"<div className=\\"Marker\\" style={{...}} onClick={[Function: mockConstructor]}>
  <Image width={50} height={50} iconType=\\"position\\" />
</div>"
`;
